// Jest Snapshot v1, https://goo.gl/fbAQLP

exports[`Grid.spec.js snapshots 1`] = `
<div>
  <div
    class="grid"
  >
    <div
      card="[object Object]"
      class="card"
      columns="3"
    >
      <div
        class="top"
      >
        <div
          class="image"
        />
         
        <div
          class="line"
        />
         
        <div
          class="line"
        />
      </div>
       
      <div
        class="bottom"
      >
        <div
          class="short-line"
        />
         
        <div
          class="button"
        />
      </div>
    </div>
    <div
      card="[object Object]"
      class="card"
      columns="3"
    >
      <div
        class="top"
      >
        <div
          class="image"
        />
         
        <div
          class="line"
        />
         
        <div
          class="line"
        />
      </div>
       
      <div
        class="bottom"
      >
        <div
          class="short-line"
        />
         
        <div
          class="button"
        />
      </div>
    </div>
    <div
      card="[object Object]"
      class="card"
      columns="3"
    >
      <div
        class="top"
      >
        <div
          class="image"
        />
         
        <div
          class="line"
        />
         
        <div
          class="line"
        />
      </div>
       
      <div
        class="bottom"
      >
        <div
          class="short-line"
        />
         
        <div
          class="button"
        />
      </div>
    </div>
    <div
      card="[object Object]"
      class="card"
      columns="3"
    >
      <div
        class="top"
      >
        <div
          class="image"
        />
         
        <div
          class="line"
        />
         
        <div
          class="line"
        />
      </div>
       
      <div
        class="bottom"
      >
        <div
          class="short-line"
        />
         
        <div
          class="button"
        />
      </div>
    </div>
    <div
      card="[object Object]"
      class="card"
      columns="3"
    >
      <div
        class="top"
      >
        <div
          class="image"
        />
         
        <div
          class="line"
        />
         
        <div
          class="line"
        />
      </div>
       
      <div
        class="bottom"
      >
        <div
          class="short-line"
        />
         
        <div
          class="button"
        />
      </div>
    </div>
    <div
      card="[object Object]"
      class="card"
      columns="3"
    >
      <div
        class="top"
      >
        <div
          class="image"
        />
         
        <div
          class="line"
        />
         
        <div
          class="line"
        />
      </div>
       
      <div
        class="bottom"
      >
        <div
          class="short-line"
        />
         
        <div
          class="button"
        />
      </div>
    </div>
    <div
      card="[object Object]"
      class="card"
      columns="3"
    >
      <div
        class="top"
      >
        <div
          class="image"
        />
         
        <div
          class="line"
        />
         
        <div
          class="line"
        />
      </div>
       
      <div
        class="bottom"
      >
        <div
          class="short-line"
        />
         
        <div
          class="button"
        />
      </div>
    </div>
    <div
      card="[object Object]"
      class="card"
      columns="3"
    >
      <div
        class="top"
      >
        <div
          class="image"
        />
         
        <div
          class="line"
        />
         
        <div
          class="line"
        />
      </div>
       
      <div
        class="bottom"
      >
        <div
          class="short-line"
        />
         
        <div
          class="button"
        />
      </div>
    </div>
    <div
      card="[object Object]"
      class="card"
      columns="3"
    >
      <div
        class="top"
      >
        <div
          class="image"
        />
         
        <div
          class="line"
        />
         
        <div
          class="line"
        />
      </div>
       
      <div
        class="bottom"
      >
        <div
          class="short-line"
        />
         
        <div
          class="button"
        />
      </div>
    </div>
    <div
      card="[object Object]"
      class="card"
      columns="3"
    >
      <div
        class="top"
      >
        <div
          class="image"
        />
         
        <div
          class="line"
        />
         
        <div
          class="line"
        />
      </div>
       
      <div
        class="bottom"
      >
        <div
          class="short-line"
        />
         
        <div
          class="button"
        />
      </div>
    </div>
     
  </div>
   
  <div
    class="show-more"
  >
    <!---->
  </div>
</div>
`;

exports[`Grid.spec.js snapshots 2`] = `
<div>
  <div
    class="grid"
  >
    <div
      card="[object Object]"
      class="card"
      columns="3"
    >
      <div
        class="top"
      >
        <div
          class="image"
        />
         
        <div
          class="line"
        />
         
        <div
          class="line"
        />
      </div>
       
      <div
        class="bottom"
      >
        <div
          class="short-line"
        />
         
        <div
          class="button"
        />
      </div>
    </div>
    <div
      card="[object Object]"
      class="card"
      columns="3"
    >
      <div
        class="top"
      >
        <div
          class="image"
        />
         
        <div
          class="line"
        />
         
        <div
          class="line"
        />
      </div>
       
      <div
        class="bottom"
      >
        <div
          class="short-line"
        />
         
        <div
          class="button"
        />
      </div>
    </div>
    <div
      card="[object Object]"
      class="card"
      columns="3"
    >
      <div
        class="top"
      >
        <div
          class="image"
        />
         
        <div
          class="line"
        />
         
        <div
          class="line"
        />
      </div>
       
      <div
        class="bottom"
      >
        <div
          class="short-line"
        />
         
        <div
          class="button"
        />
      </div>
    </div>
    <div
      card="[object Object]"
      class="card"
      columns="3"
    >
      <div
        class="top"
      >
        <div
          class="image"
        />
         
        <div
          class="line"
        />
         
        <div
          class="line"
        />
      </div>
       
      <div
        class="bottom"
      >
        <div
          class="short-line"
        />
         
        <div
          class="button"
        />
      </div>
    </div>
    <div
      card="[object Object]"
      class="card"
      columns="3"
    >
      <div
        class="top"
      >
        <div
          class="image"
        />
         
        <div
          class="line"
        />
         
        <div
          class="line"
        />
      </div>
       
      <div
        class="bottom"
      >
        <div
          class="short-line"
        />
         
        <div
          class="button"
        />
      </div>
    </div>
    <div
      card="[object Object]"
      class="card"
      columns="3"
    >
      <div
        class="top"
      >
        <div
          class="image"
        />
         
        <div
          class="line"
        />
         
        <div
          class="line"
        />
      </div>
       
      <div
        class="bottom"
      >
        <div
          class="short-line"
        />
         
        <div
          class="button"
        />
      </div>
    </div>
    <div
      card="[object Object]"
      class="card"
      columns="3"
    >
      <div
        class="top"
      >
        <div
          class="image"
        />
         
        <div
          class="line"
        />
         
        <div
          class="line"
        />
      </div>
       
      <div
        class="bottom"
      >
        <div
          class="short-line"
        />
         
        <div
          class="button"
        />
      </div>
    </div>
    <div
      card="[object Object]"
      class="card"
      columns="3"
    >
      <div
        class="top"
      >
        <div
          class="image"
        />
         
        <div
          class="line"
        />
         
        <div
          class="line"
        />
      </div>
       
      <div
        class="bottom"
      >
        <div
          class="short-line"
        />
         
        <div
          class="button"
        />
      </div>
    </div>
    <div
      card="[object Object]"
      class="card"
      columns="3"
    >
      <div
        class="top"
      >
        <div
          class="image"
        />
         
        <div
          class="line"
        />
         
        <div
          class="line"
        />
      </div>
       
      <div
        class="bottom"
      >
        <div
          class="short-line"
        />
         
        <div
          class="button"
        />
      </div>
    </div>
    <div
      card="[object Object]"
      class="card"
      columns="3"
    >
      <div
        class="top"
      >
        <div
          class="image"
        />
         
        <div
          class="line"
        />
         
        <div
          class="line"
        />
      </div>
       
      <div
        class="bottom"
      >
        <div
          class="short-line"
        />
         
        <div
          class="button"
        />
      </div>
    </div>
     
  </div>
   
  <div
    class="show-more"
  >
    <button
      class="coopknapp"
    >
      
  Visa mer

    </button>
  </div>
</div>
`;

exports[`Grid.spec.js snapshots 3`] = `
<div>
  <div
    class="grid"
  >
    <div
      card="[object Object]"
      class="card"
      columns="3"
    >
      <div
        class="top"
      >
        <div
          class="image"
        />
         
        <div
          class="line"
        />
         
        <div
          class="line"
        />
      </div>
       
      <div
        class="bottom"
      >
        <div
          class="short-line"
        />
         
        <div
          class="button"
        />
      </div>
    </div>
    <div
      card="[object Object]"
      class="card"
      columns="3"
    >
      <div
        class="top"
      >
        <div
          class="image"
        />
         
        <div
          class="line"
        />
         
        <div
          class="line"
        />
      </div>
       
      <div
        class="bottom"
      >
        <div
          class="short-line"
        />
         
        <div
          class="button"
        />
      </div>
    </div>
    <div
      card="[object Object]"
      class="card"
      columns="3"
    >
      <div
        class="top"
      >
        <div
          class="image"
        />
         
        <div
          class="line"
        />
         
        <div
          class="line"
        />
      </div>
       
      <div
        class="bottom"
      >
        <div
          class="short-line"
        />
         
        <div
          class="button"
        />
      </div>
    </div>
    <div
      card="[object Object]"
      class="card"
      columns="3"
    >
      <div
        class="top"
      >
        <div
          class="image"
        />
         
        <div
          class="line"
        />
         
        <div
          class="line"
        />
      </div>
       
      <div
        class="bottom"
      >
        <div
          class="short-line"
        />
         
        <div
          class="button"
        />
      </div>
    </div>
    <div
      card="[object Object]"
      class="card"
      columns="3"
    >
      <div
        class="top"
      >
        <div
          class="image"
        />
         
        <div
          class="line"
        />
         
        <div
          class="line"
        />
      </div>
       
      <div
        class="bottom"
      >
        <div
          class="short-line"
        />
         
        <div
          class="button"
        />
      </div>
    </div>
    <div
      card="[object Object]"
      class="card"
      columns="3"
    >
      <div
        class="top"
      >
        <div
          class="image"
        />
         
        <div
          class="line"
        />
         
        <div
          class="line"
        />
      </div>
       
      <div
        class="bottom"
      >
        <div
          class="short-line"
        />
         
        <div
          class="button"
        />
      </div>
    </div>
    <div
      card="[object Object]"
      class="card"
      columns="3"
    >
      <div
        class="top"
      >
        <div
          class="image"
        />
         
        <div
          class="line"
        />
         
        <div
          class="line"
        />
      </div>
       
      <div
        class="bottom"
      >
        <div
          class="short-line"
        />
         
        <div
          class="button"
        />
      </div>
    </div>
    <div
      card="[object Object]"
      class="card"
      columns="3"
    >
      <div
        class="top"
      >
        <div
          class="image"
        />
         
        <div
          class="line"
        />
         
        <div
          class="line"
        />
      </div>
       
      <div
        class="bottom"
      >
        <div
          class="short-line"
        />
         
        <div
          class="button"
        />
      </div>
    </div>
    <div
      card="[object Object]"
      class="card"
      columns="3"
    >
      <div
        class="top"
      >
        <div
          class="image"
        />
         
        <div
          class="line"
        />
         
        <div
          class="line"
        />
      </div>
       
      <div
        class="bottom"
      >
        <div
          class="short-line"
        />
         
        <div
          class="button"
        />
      </div>
    </div>
    <div
      card="[object Object]"
      class="card"
      columns="3"
    >
      <div
        class="top"
      >
        <div
          class="image"
        />
         
        <div
          class="line"
        />
         
        <div
          class="line"
        />
      </div>
       
      <div
        class="bottom"
      >
        <div
          class="short-line"
        />
         
        <div
          class="button"
        />
      </div>
    </div>
     
  </div>
   
  <div
    class="show-more"
  >
    <!---->
  </div>
</div>
`;
